[2026-05-16T02:25:37.674Z] === Iniciando curadoria autônoma ===
[2026-05-16T02:25:37.703Z] Limit: 10000 | CNPJ: (todos) | Concurrency: 3
[2026-05-16T02:25:41.118Z] Fila: 6916 produtos pendentes
[2026-05-16T02:25:50.462Z] [1/6916] img:1 desc:1 ns:0 err:0 | R$ 0.01 | 9s rodando | ~1037min restantes
[2026-05-16T02:25:50.573Z] [2/6916] img:2 desc:2 ns:0 err:0 | R$ 0.02 | 9s rodando | ~519min restantes
[2026-05-16T02:25:51.382Z] [3/6916] img:3 desc:3 ns:0 err:0 | R$ 0.02 | 10s rodando | ~384min restantes
[2026-05-16T02:25:56.360Z] [4/6916] img:4 desc:4 ns:0 err:0 | R$ 0.03 | 15s rodando | ~432min restantes
[2026-05-16T02:25:56.694Z] [5/6916] img:5 desc:5 ns:0 err:0 | R$ 0.04 | 16s rodando | ~369min restantes
[2026-05-16T02:25:56.746Z] [6/6916] img:6 desc:6 ns:0 err:0 | R$ 0.05 | 16s rodando | ~307min restantes
[2026-05-16T02:26:06.600Z] [7/6916] img:7 desc:7 ns:0 err:0 | R$ 0.06 | 25s rodando | ~411min restantes
[2026-05-16T02:26:07.815Z] [8/6916] img:8 desc:8 ns:0 err:0 | R$ 0.09 | 27s rodando | ~389min restantes
[2026-05-16T02:26:12.398Z] [9/6916] img:9 desc:8 ns:0 err:0 | R$ 0.12 | 31s rodando | ~397min restantes
[2026-05-16T02:26:57.769Z] [20/6916] img:20 desc:17 ns:0 err:0 | R$ 0.51 | 77s rodando | ~443min restantes
[2026-05-16T02:27:49.260Z] [40/6916] img:40 desc:36 ns:0 err:0 | R$ 0.73 | 128s rodando | ~367min restantes
[2026-05-16T02:29:04.605Z] [60/6916] img:60 desc:53 ns:0 err:0 | R$ 0.91 | 203s rodando | ~387min restantes
[2026-05-16T02:30:06.345Z] [80/6916] img:79 desc:71 ns:0 err:0 | R$ 1.16 | 265s rodando | ~377min restantes
[2026-05-16T02:31:03.781Z] [100/6916] img:99 desc:91 ns:0 err:0 | R$ 1.37 | 323s rodando | ~367min restantes
[2026-05-16T02:31:56.872Z] [120/6916] img:119 desc:111 ns:0 err:0 | R$ 1.59 | 376s rodando | ~355min restantes
[2026-05-16T02:32:59.615Z] [140/6916] img:139 desc:131 ns:0 err:0 | R$ 1.91 | 438s rodando | ~353min restantes
[2026-05-16T02:33:53.811Z] [160/6916] img:159 desc:150 ns:0 err:0 | R$ 2.14 | 493s rodando | ~347min restantes
[2026-05-16T02:35:02.183Z] [180/6916] img:178 desc:159 ns:0 err:0 | R$ 2.38 | 561s rodando | ~350min restantes
[2026-05-16T02:36:08.990Z] [200/6916] img:197 desc:169 ns:0 err:0 | R$ 2.70 | 628s rodando | ~351min restantes
[2026-05-16T02:37:07.858Z] [220/6916] img:212 desc:180 ns:0 err:0 | R$ 2.85 | 687s rodando | ~349min restantes
[2026-05-16T02:38:12.804Z] [240/6916] img:227 desc:199 ns:0 err:0 | R$ 3.34 | 752s rodando | ~349min restantes
[2026-05-16T02:39:25.248Z] [260/6916] img:238 desc:219 ns:0 err:0 | R$ 3.77 | 824s rodando | ~352min restantes
[2026-05-16T02:40:57.878Z] [280/6916] img:253 desc:234 ns:0 err:0 | R$ 4.30 | 917s rodando | ~362min restantes
[2026-05-16T02:41:47.329Z] [300/6916] img:267 desc:251 ns:0 err:0 | R$ 4.68 | 966s rodando | ~355min restantes
[2026-05-16T02:42:36.341Z] [320/6916] img:283 desc:271 ns:0 err:0 | R$ 4.97 | 1015s rodando | ~349min restantes
[2026-05-16T02:43:24.425Z] [340/6916] img:300 desc:274 ns:0 err:0 | R$ 5.16 | 1063s rodando | ~343min restantes
[2026-05-16T02:44:31.541Z] [360/6916] img:315 desc:288 ns:0 err:0 | R$ 5.51 | 1130s rodando | ~343min restantes
[2026-05-16T02:45:31.429Z] [380/6916] img:332 desc:300 ns:0 err:0 | R$ 5.94 | 1190s rodando | ~341min restantes
[2026-05-16T02:46:43.598Z] [400/6916] img:346 desc:314 ns:0 err:0 | R$ 6.23 | 1262s rodando | ~343min restantes
[2026-05-16T02:47:40.881Z] [420/6916] img:364 desc:325 ns:0 err:0 | R$ 6.44 | 1320s rodando | ~340min restantes
[2026-05-16T02:48:35.644Z] [440/6916] img:382 desc:338 ns:0 err:0 | R$ 6.69 | 1375s rodando | ~337min restantes
[2026-05-16T02:49:53.461Z] [460/6916] img:398 desc:358 ns:0 err:0 | R$ 7.17 | 1452s rodando | ~340min restantes
[2026-05-16T02:50:52.931Z] [480/6916] img:413 desc:371 ns:0 err:0 | R$ 7.45 | 1512s rodando | ~338min restantes
[2026-05-16T02:51:51.582Z] [500/6916] img:431 desc:389 ns:0 err:0 | R$ 7.72 | 1570s rodando | ~336min restantes
[2026-05-16T02:52:39.313Z] [520/6916] img:450 desc:404 ns:0 err:0 | R$ 7.92 | 1618s rodando | ~332min restantes
[2026-05-16T02:53:34.271Z] [540/6916] img:466 desc:418 ns:0 err:0 | R$ 8.13 | 1673s rodando | ~329min restantes
[2026-05-16T02:54:30.656Z] [560/6916] img:483 desc:435 ns:0 err:0 | R$ 8.31 | 1730s rodando | ~327min restantes
[2026-05-16T02:55:29.281Z] [580/6916] img:497 desc:448 ns:0 err:0 | R$ 8.67 | 1788s rodando | ~326min restantes
[2026-05-16T02:56:26.645Z] [600/6916] img:513 desc:462 ns:0 err:0 | R$ 8.83 | 1846s rodando | ~324min restantes
[2026-05-16T02:57:33.846Z] [620/6916] img:527 desc:482 ns:0 err:0 | R$ 9.14 | 1913s rodando | ~324min restantes
[2026-05-16T02:58:34.193Z] [640/6916] img:543 desc:497 ns:0 err:0 | R$ 9.44 | 1973s rodando | ~322min restantes
[2026-05-16T02:59:40.875Z] [660/6916] img:558 desc:515 ns:0 err:0 | R$ 9.80 | 2040s rodando | ~322min restantes
[2026-05-16T03:00:31.148Z] [680/6916] img:578 desc:535 ns:0 err:0 | R$ 10.07 | 2090s rodando | ~319min restantes
[2026-05-16T03:01:32.638Z] [700/6916] img:595 desc:551 ns:0 err:0 | R$ 10.46 | 2152s rodando | ~319min restantes
[2026-05-16T03:02:21.238Z] [720/6916] img:609 desc:564 ns:0 err:0 | R$ 10.66 | 2200s rodando | ~316min restantes
[2026-05-16T03:03:22.509Z] [740/6916] img:625 desc:577 ns:0 err:0 | R$ 10.83 | 2261s rodando | ~315min restantes
[2026-05-16T03:04:26.748Z] [760/6916] img:643 desc:593 ns:0 err:0 | R$ 11.10 | 2326s rodando | ~314min restantes
[2026-05-16T03:05:40.315Z] [780/6916] img:659 desc:604 ns:0 err:0 | R$ 11.51 | 2399s rodando | ~315min restantes
[2026-05-16T03:07:24.165Z] [800/6916] img:672 desc:624 ns:0 err:0 | R$ 12.35 | 2503s rodando | ~319min restantes
[2026-05-16T03:08:32.177Z] [820/6916] img:689 desc:641 ns:0 err:0 | R$ 12.77 | 2571s rodando | ~319min restantes
[2026-05-16T03:09:51.634Z] [840/6916] img:701 desc:648 ns:0 err:0 | R$ 13.17 | 2651s rodando | ~320min restantes
[2026-05-16T03:10:48.810Z] [860/6916] img:719 desc:664 ns:0 err:0 | R$ 13.38 | 2708s rodando | ~318min restantes
[2026-05-16T03:12:01.779Z] [880/6916] img:735 desc:682 ns:0 err:0 | R$ 13.80 | 2781s rodando | ~318min restantes
[2026-05-16T03:13:48.891Z] [900/6916] img:753 desc:692 ns:0 err:0 | R$ 14.66 | 2888s rodando | ~322min restantes
[2026-05-16T03:15:44.692Z] [920/6916] img:767 desc:711 ns:0 err:0 | R$ 15.38 | 3004s rodando | ~326min restantes
[2026-05-16T03:17:15.250Z] [940/6916] img:780 desc:731 ns:0 err:0 | R$ 15.93 | 3094s rodando | ~328min restantes
[2026-05-16T03:18:28.049Z] [960/6916] img:799 desc:751 ns:0 err:0 | R$ 16.38 | 3167s rodando | ~327min restantes
[2026-05-16T03:20:09.264Z] [980/6916] img:818 desc:770 ns:0 err:0 | R$ 16.97 | 3268s rodando | ~330min restantes
[2026-05-16T03:20:55.791Z] [1000/6916] img:835 desc:787 ns:0 err:0 | R$ 17.15 | 3315s rodando | ~327min restantes
[2026-05-16T03:21:46.663Z] [1020/6916] img:852 desc:807 ns:0 err:0 | R$ 17.37 | 3366s rodando | ~324min restantes
[2026-05-16T03:22:33.635Z] [1040/6916] img:869 desc:827 ns:0 err:0 | R$ 17.65 | 3413s rodando | ~321min restantes
[2026-05-16T03:23:27.780Z] [1060/6916] img:881 desc:842 ns:0 err:0 | R$ 18.03 | 3467s rodando | ~319min restantes
[2026-05-16T03:24:17.232Z] [1080/6916] img:898 desc:858 ns:0 err:0 | R$ 18.31 | 3516s rodando | ~317min restantes
[2026-05-16T03:25:09.748Z] [1100/6916] img:909 desc:870 ns:0 err:0 | R$ 18.76 | 3569s rodando | ~315min restantes
[2026-05-16T03:26:02.113Z] [1120/6916] img:925 desc:890 ns:0 err:0 | R$ 18.96 | 3621s rodando | ~312min restantes
[2026-05-16T03:26:43.799Z] [1140/6916] img:943 desc:907 ns:0 err:0 | R$ 19.13 | 3663s rodando | ~309min restantes
[2026-05-16T03:27:31.367Z] [1160/6916] img:960 desc:914 ns:0 err:0 | R$ 19.32 | 3710s rodando | ~307min restantes
[2026-05-16T03:28:24.696Z] [1180/6916] img:977 desc:930 ns:0 err:0 | R$ 19.60 | 3764s rodando | ~305min restantes
[2026-05-16T03:29:20.912Z] [1200/6916] img:995 desc:950 ns:0 err:0 | R$ 19.93 | 3820s rodando | ~303min restantes
[2026-05-16T03:30:12.756Z] [1220/6916] img:1012 desc:957 ns:0 err:0 | R$ 20.18 | 3872s rodando | ~301min restantes
[2026-05-16T03:31:15.931Z] [1240/6916] img:1031 desc:960 ns:0 err:0 | R$ 20.56 | 3935s rodando | ~300min restantes
[2026-05-16T03:32:19.360Z] [1260/6916] img:1049 desc:962 ns:0 err:0 | R$ 20.80 | 3998s rodando | ~299min restantes
[2026-05-16T03:33:28.483Z] [1280/6916] img:1064 desc:978 ns:0 err:0 | R$ 21.32 | 4067s rodando | ~298min restantes
[2026-05-16T03:34:23.795Z] [1300/6916] img:1076 desc:998 ns:0 err:0 | R$ 21.79 | 4123s rodando | ~297min restantes
[2026-05-16T03:36:17.113Z] [1320/6916] img:1089 desc:1017 ns:0 err:0 | R$ 22.51 | 4236s rodando | ~299min restantes
[2026-05-16T03:37:20.203Z] [1340/6916] img:1105 desc:1034 ns:0 err:0 | R$ 22.81 | 4299s rodando | ~298min restantes
[2026-05-16T03:38:37.811Z] [1360/6916] img:1122 desc:1043 ns:0 err:0 | R$ 23.18 | 4377s rodando | ~298min restantes
[2026-05-16T03:39:38.403Z] [1380/6916] img:1142 desc:1063 ns:0 err:0 | R$ 23.55 | 4437s rodando | ~297min restantes
[2026-05-16T03:40:32.780Z] [1400/6916] img:1159 desc:1082 ns:0 err:0 | R$ 23.93 | 4492s rodando | ~295min restantes
[2026-05-16T03:41:40.105Z] [1420/6916] img:1177 desc:1097 ns:0 err:0 | R$ 24.34 | 4559s rodando | ~294min restantes
[2026-05-16T03:42:22.148Z] [1440/6916] img:1197 desc:1116 ns:0 err:0 | R$ 24.56 | 4601s rodando | ~292min restantes
[2026-05-16T03:43:12.652Z] [1460/6916] img:1215 desc:1132 ns:0 err:0 | R$ 24.79 | 4652s rodando | ~290min restantes
[2026-05-16T03:44:04.924Z] [1480/6916] img:1234 desc:1149 ns:0 err:0 | R$ 25.06 | 4704s rodando | ~288min restantes
[2026-05-16T03:44:56.726Z] [1500/6916] img:1253 desc:1166 ns:0 err:0 | R$ 25.25 | 4756s rodando | ~286min restantes
[2026-05-16T03:45:43.104Z] [1520/6916] img:1272 desc:1175 ns:0 err:0 | R$ 25.47 | 4802s rodando | ~284min restantes
[2026-05-16T03:46:47.955Z] [1540/6916] img:1292 desc:1186 ns:0 err:0 | R$ 25.81 | 4867s rodando | ~283min restantes
[2026-05-16T03:47:34.546Z] [1560/6916] img:1310 desc:1201 ns:0 err:0 | R$ 26.01 | 4913s rodando | ~281min restantes
[2026-05-16T03:48:21.482Z] [1580/6916] img:1330 desc:1216 ns:0 err:0 | R$ 26.23 | 4960s rodando | ~279min restantes
[2026-05-16T03:49:11.422Z] [1600/6916] img:1350 desc:1236 ns:0 err:0 | R$ 26.46 | 5010s rodando | ~277min restantes
[2026-05-16T03:49:58.754Z] [1620/6916] img:1370 desc:1254 ns:0 err:0 | R$ 26.70 | 5058s rodando | ~276min restantes
[2026-05-16T03:51:00.079Z] [1640/6916] img:1386 desc:1263 ns:0 err:0 | R$ 26.95 | 5119s rodando | ~274min restantes
[2026-05-16T03:52:21.145Z] [1660/6916] img:1404 desc:1277 ns:0 err:0 | R$ 27.40 | 5200s rodando | ~274min restantes
[2026-05-16T03:53:38.639Z] [1680/6916] img:1416 desc:1288 ns:0 err:0 | R$ 27.92 | 5278s rodando | ~274min restantes
[2026-05-16T03:54:49.394Z] [1700/6916] img:1431 desc:1301 ns:0 err:0 | R$ 28.31 | 5348s rodando | ~273min restantes
[2026-05-16T03:55:43.726Z] [1720/6916] img:1451 desc:1317 ns:0 err:0 | R$ 28.57 | 5403s rodando | ~272min restantes
[2026-05-16T03:56:39.977Z] [1740/6916] img:1471 desc:1336 ns:0 err:0 | R$ 28.79 | 5459s rodando | ~271min restantes
[2026-05-16T03:57:38.306Z] [1760/6916] img:1491 desc:1356 ns:0 err:0 | R$ 29.10 | 5517s rodando | ~269min restantes
[2026-05-16T03:58:40.491Z] [1780/6916] img:1507 desc:1370 ns:0 err:0 | R$ 29.42 | 5579s rodando | ~268min restantes
[2026-05-16T04:00:05.101Z] [1800/6916] img:1515 desc:1390 ns:0 err:0 | R$ 29.95 | 5664s rodando | ~268min restantes
[2026-05-16T04:01:27.716Z] [1820/6916] img:1521 desc:1410 ns:0 err:0 | R$ 30.75 | 5747s rodando | ~268min restantes
[2026-05-16T04:03:13.230Z] [1840/6916] img:1529 desc:1430 ns:0 err:0 | R$ 31.36 | 5852s rodando | ~269min restantes
[2026-05-16T04:04:57.505Z] [1860/6916] img:1534 desc:1450 ns:0 err:0 | R$ 32.00 | 5956s rodando | ~270min restantes
[2026-05-16T04:06:17.998Z] [1880/6916] img:1538 desc:1467 ns:0 err:0 | R$ 32.49 | 6037s rodando | ~270min restantes
[2026-05-16T04:07:22.301Z] [1900/6916] img:1548 desc:1485 ns:0 err:0 | R$ 32.79 | 6101s rodando | ~268min restantes
[2026-05-16T04:08:37.003Z] [1920/6916] img:1554 desc:1505 ns:0 err:0 | R$ 33.20 | 6176s rodando | ~268min restantes
[2026-05-16T04:10:01.463Z] [1940/6916] img:1558 desc:1524 ns:0 err:0 | R$ 33.74 | 6260s rodando | ~268min restantes
[2026-05-16T04:11:11.657Z] [1960/6916] img:1573 desc:1543 ns:0 err:0 | R$ 34.14 | 6331s rodando | ~267min restantes
[2026-05-16T04:12:38.961Z] [1980/6916] img:1593 desc:1563 ns:0 err:0 | R$ 34.35 | 6418s rodando | ~267min restantes
[2026-05-16T04:13:36.877Z] [2000/6916] img:1613 desc:1583 ns:0 err:0 | R$ 34.54 | 6476s rodando | ~265min restantes
[2026-05-16T04:14:33.190Z] [2020/6916] img:1633 desc:1603 ns:0 err:0 | R$ 34.70 | 6532s rodando | ~264min restantes
[2026-05-16T04:15:27.526Z] [2040/6916] img:1653 desc:1623 ns:0 err:0 | R$ 34.79 | 6586s rodando | ~262min restantes
[2026-05-16T04:16:19.196Z] [2060/6916] img:1673 desc:1633 ns:0 err:0 | R$ 34.97 | 6638s rodando | ~261min restantes
[2026-05-16T04:17:06.723Z] [2080/6916] img:1693 desc:1649 ns:0 err:0 | R$ 35.21 | 6686s rodando | ~259min restantes
[2026-05-16T04:18:16.922Z] [2100/6916] img:1713 desc:1669 ns:0 err:0 | R$ 35.48 | 6756s rodando | ~258min restantes
[2026-05-16T04:19:06.699Z] [2120/6916] img:1733 desc:1689 ns:0 err:0 | R$ 35.72 | 6806s rodando | ~257min restantes
[2026-05-16T04:20:01.946Z] [2140/6916] img:1753 desc:1709 ns:0 err:0 | R$ 35.94 | 6861s rodando | ~255min restantes
[2026-05-16T04:20:54.627Z] [2160/6916] img:1773 desc:1729 ns:0 err:0 | R$ 36.26 | 6914s rodando | ~254min restantes
[2026-05-16T04:21:47.603Z] [2180/6916] img:1793 desc:1749 ns:0 err:0 | R$ 36.57 | 6966s rodando | ~252min restantes
[2026-05-16T04:22:48.900Z] [2200/6916] img:1813 desc:1769 ns:0 err:0 | R$ 36.86 | 7028s rodando | ~251min restantes
[2026-05-16T04:23:40.026Z] [2220/6916] img:1833 desc:1789 ns:0 err:0 | R$ 37.11 | 7079s rodando | ~250min restantes
[2026-05-16T04:24:34.995Z] [2240/6916] img:1853 desc:1809 ns:0 err:0 | R$ 37.38 | 7134s rodando | ~248min restantes
[2026-05-16T04:25:32.755Z] [2260/6916] img:1873 desc:1829 ns:0 err:0 | R$ 37.60 | 7192s rodando | ~247min restantes
[2026-05-16T04:26:23.794Z] [2280/6916] img:1893 desc:1849 ns:0 err:0 | R$ 37.81 | 7243s rodando | ~245min restantes
[2026-05-16T04:27:21.639Z] [2300/6916] img:1913 desc:1869 ns:0 err:0 | R$ 38.04 | 7301s rodando | ~244min restantes
[2026-05-16T04:28:21.605Z] [2320/6916] img:1933 desc:1889 ns:0 err:0 | R$ 38.35 | 7360s rodando | ~243min restantes
[2026-05-16T04:29:08.183Z] [2340/6916] img:1953 desc:1909 ns:0 err:0 | R$ 38.61 | 7407s rodando | ~241min restantes
[2026-05-16T04:29:57.294Z] [2360/6916] img:1973 desc:1929 ns:0 err:0 | R$ 38.83 | 7456s rodando | ~240min restantes
[2026-05-16T04:30:59.711Z] [2380/6916] img:1993 desc:1948 ns:0 err:0 | R$ 39.03 | 7519s rodando | ~239min restantes
[2026-05-16T04:31:58.545Z] [2400/6916] img:2013 desc:1968 ns:0 err:0 | R$ 39.25 | 7577s rodando | ~238min restantes
[2026-05-16T04:32:45.577Z] [2420/6916] img:2033 desc:1985 ns:0 err:0 | R$ 39.51 | 7624s rodando | ~236min restantes
[2026-05-16T04:33:49.792Z] [2440/6916] img:2053 desc:2005 ns:0 err:0 | R$ 39.85 | 7689s rodando | ~235min restantes
[2026-05-16T04:34:42.261Z] [2460/6916] img:2073 desc:2022 ns:0 err:0 | R$ 40.12 | 7741s rodando | ~234min restantes
[2026-05-16T04:35:27.571Z] [2480/6916] img:2093 desc:2040 ns:0 err:0 | R$ 40.39 | 7786s rodando | ~232min restantes
[2026-05-16T04:36:30.760Z] [2500/6916] img:2113 desc:2059 ns:0 err:0 | R$ 40.82 | 7850s rodando | ~231min restantes
[2026-05-16T04:37:22.263Z] [2520/6916] img:2132 desc:2079 ns:0 err:0 | R$ 41.09 | 7901s rodando | ~230min restantes
[2026-05-16T04:38:19.319Z] [2540/6916] img:2152 desc:2099 ns:0 err:0 | R$ 41.28 | 7958s rodando | ~229min restantes
[2026-05-16T04:39:12.201Z] [2560/6916] img:2172 desc:2119 ns:0 err:0 | R$ 41.51 | 8011s rodando | ~227min restantes
[2026-05-16T04:40:11.247Z] [2580/6916] img:2190 desc:2138 ns:0 err:0 | R$ 41.84 | 8070s rodando | ~226min restantes
[2026-05-16T04:41:29.325Z] [2600/6916] img:2210 desc:2158 ns:0 err:0 | R$ 42.12 | 8148s rodando | ~225min restantes
[2026-05-16T04:43:21.764Z] [2620/6916] img:2230 desc:2178 ns:0 err:0 | R$ 42.77 | 8261s rodando | ~226min restantes
[2026-05-16T04:44:52.867Z] [2640/6916] img:2250 desc:2198 ns:0 err:0 | R$ 43.11 | 8352s rodando | ~225min restantes
[2026-05-16T04:46:05.275Z] [2660/6916] img:2270 desc:2218 ns:0 err:0 | R$ 43.29 | 8424s rodando | ~225min restantes
[2026-05-16T04:47:38.109Z] [2680/6916] img:2290 desc:2238 ns:0 err:0 | R$ 44.13 | 8517s rodando | ~224min restantes
[2026-05-16T04:48:37.095Z] [2700/6916] img:2310 desc:2257 ns:0 err:0 | R$ 44.25 | 8576s rodando | ~223min restantes
[2026-05-16T04:49:35.841Z] [2720/6916] img:2330 desc:2277 ns:0 err:0 | R$ 44.47 | 8635s rodando | ~222min restantes
[2026-05-16T04:50:30.900Z] [2740/6916] img:2346 desc:2291 ns:0 err:0 | R$ 44.64 | 8690s rodando | ~221min restantes
[2026-05-16T04:51:28.900Z] [2760/6916] img:2366 desc:2302 ns:0 err:0 | R$ 44.84 | 8748s rodando | ~220min restantes
[2026-05-16T04:52:37.417Z] [2780/6916] img:2382 desc:2317 ns:0 err:0 | R$ 45.23 | 8816s rodando | ~219min restantes
[2026-05-16T04:53:35.122Z] [2800/6916] img:2401 desc:2336 ns:0 err:0 | R$ 45.42 | 8874s rodando | ~217min restantes
[2026-05-16T04:54:36.881Z] [2820/6916] img:2416 desc:2353 ns:0 err:0 | R$ 45.75 | 8936s rodando | ~216min restantes
[2026-05-16T04:55:37.803Z] [2840/6916] img:2435 desc:2372 ns:0 err:0 | R$ 46.13 | 8997s rodando | ~215min restantes
[2026-05-16T04:56:43.803Z] [2860/6916] img:2448 desc:2391 ns:0 err:0 | R$ 46.53 | 9063s rodando | ~214min restantes
[2026-05-16T04:57:51.410Z] [2880/6916] img:2460 desc:2409 ns:0 err:0 | R$ 46.84 | 9130s rodando | ~213min restantes
[2026-05-16T04:58:47.700Z] [2900/6916] img:2472 desc:2429 ns:0 err:0 | R$ 47.25 | 9187s rodando | ~212min restantes
[2026-05-16T04:59:57.460Z] [2920/6916] img:2484 desc:2449 ns:0 err:0 | R$ 47.64 | 9256s rodando | ~211min restantes
[2026-05-16T05:00:58.473Z] [2940/6916] img:2496 desc:2469 ns:0 err:0 | R$ 48.11 | 9317s rodando | ~210min restantes
[2026-05-16T05:01:53.121Z] [2960/6916] img:2513 desc:2488 ns:0 err:0 | R$ 48.37 | 9372s rodando | ~209min restantes
[2026-05-16T05:02:45.788Z] [2980/6916] img:2530 desc:2508 ns:0 err:0 | R$ 48.59 | 9425s rodando | ~207min restantes
[2026-05-16T05:03:37.972Z] [3000/6916] img:2543 desc:2527 ns:0 err:0 | R$ 48.86 | 9477s rodando | ~206min restantes
[2026-05-16T05:04:36.847Z] [3020/6916] img:2559 desc:2545 ns:0 err:0 | R$ 49.15 | 9536s rodando | ~205min restantes
[2026-05-16T05:05:34.255Z] [3040/6916] img:2575 desc:2563 ns:0 err:0 | R$ 49.45 | 9593s rodando | ~204min restantes
[2026-05-16T05:06:24.367Z] [3060/6916] img:2593 desc:2580 ns:0 err:0 | R$ 49.69 | 9643s rodando | ~203min restantes
[2026-05-16T05:07:39.564Z] [3080/6916] img:2610 desc:2590 ns:0 err:0 | R$ 50.18 | 9718s rodando | ~202min restantes
[2026-05-16T05:08:59.118Z] [3100/6916] img:2623 desc:2607 ns:0 err:0 | R$ 50.48 | 9798s rodando | ~201min restantes
[2026-05-16T05:10:01.957Z] [3120/6916] img:2637 desc:2622 ns:0 err:0 | R$ 50.88 | 9861s rodando | ~200min restantes
[2026-05-16T05:10:57.684Z] [3140/6916] img:2654 desc:2637 ns:0 err:0 | R$ 51.14 | 9917s rodando | ~199min restantes
[2026-05-16T05:11:57.335Z] [3160/6916] img:2672 desc:2657 ns:0 err:0 | R$ 51.39 | 9976s rodando | ~198min restantes
[2026-05-16T05:12:51.418Z] [3180/6916] img:2688 desc:2673 ns:0 err:0 | R$ 51.66 | 10030s rodando | ~196min restantes
[2026-05-16T05:13:46.729Z] [3200/6916] img:2703 desc:2691 ns:0 err:0 | R$ 51.86 | 10086s rodando | ~195min restantes
[2026-05-16T05:14:46.856Z] [3220/6916] img:2718 desc:2710 ns:0 err:0 | R$ 52.10 | 10146s rodando | ~194min restantes
[2026-05-16T05:15:57.973Z] [3240/6916] img:2735 desc:2728 ns:0 err:0 | R$ 52.50 | 10217s rodando | ~193min restantes
[2026-05-16T05:17:04.237Z] [3260/6916] img:2749 desc:2743 ns:0 err:0 | R$ 52.89 | 10283s rodando | ~192min restantes
[2026-05-16T05:18:03.539Z] [3280/6916] img:2765 desc:2760 ns:0 err:0 | R$ 53.12 | 10342s rodando | ~191min restantes
[2026-05-16T05:19:14.939Z] [3300/6916] img:2780 desc:2771 ns:0 err:0 | R$ 53.50 | 10414s rodando | ~190min restantes
[2026-05-16T05:20:11.818Z] [3320/6916] img:2795 desc:2786 ns:0 err:0 | R$ 53.85 | 10471s rodando | ~189min restantes
[2026-05-16T05:21:06.252Z] [3340/6916] img:2812 desc:2806 ns:0 err:0 | R$ 54.05 | 10525s rodando | ~188min restantes
[2026-05-16T05:22:09.266Z] [3360/6916] img:2824 desc:2826 ns:0 err:0 | R$ 54.42 | 10588s rodando | ~187min restantes
[2026-05-16T05:23:20.704Z] [3380/6916] img:2835 desc:2843 ns:0 err:0 | R$ 54.83 | 10660s rodando | ~186min restantes
[2026-05-16T05:24:09.400Z] [3400/6916] img:2851 desc:2851 ns:0 err:0 | R$ 55.07 | 10708s rodando | ~185min restantes
[2026-05-16T05:25:16.163Z] [3420/6916] img:2867 desc:2862 ns:0 err:0 | R$ 55.38 | 10775s rodando | ~184min restantes
[2026-05-16T05:26:30.008Z] [3440/6916] img:2882 desc:2875 ns:0 err:0 | R$ 55.84 | 10849s rodando | ~183min restantes
[2026-05-16T05:27:19.482Z] [3460/6916] img:2901 desc:2890 ns:0 err:0 | R$ 56.09 | 10898s rodando | ~181min restantes
[2026-05-16T05:28:17.696Z] [3480/6916] img:2916 desc:2900 ns:0 err:0 | R$ 56.40 | 10957s rodando | ~180min restantes
[2026-05-16T05:29:07.964Z] [3500/6916] img:2934 desc:2915 ns:0 err:0 | R$ 56.64 | 11007s rodando | ~179min restantes
[2026-05-16T05:30:06.201Z] [3520/6916] img:2951 desc:2929 ns:0 err:0 | R$ 56.86 | 11065s rodando | ~178min restantes
[2026-05-16T05:30:53.982Z] [3540/6916] img:2969 desc:2949 ns:0 err:0 | R$ 57.08 | 11113s rodando | ~177min restantes
[2026-05-16T05:32:11.929Z] [3560/6916] img:2980 desc:2962 ns:0 err:0 | R$ 57.64 | 11191s rodando | ~176min restantes
[2026-05-16T05:33:37.652Z] [3580/6916] img:2996 desc:2972 ns:0 err:0 | R$ 58.12 | 11277s rodando | ~175min restantes
[2026-05-16T05:34:25.574Z] [3600/6916] img:3015 desc:2983 ns:0 err:0 | R$ 58.36 | 11324s rodando | ~174min restantes
[2026-05-16T05:35:23.800Z] [3620/6916] img:3031 desc:2999 ns:0 err:0 | R$ 58.56 | 11383s rodando | ~173min restantes
[2026-05-16T05:36:11.400Z] [3640/6916] img:3049 desc:3012 ns:0 err:0 | R$ 58.74 | 11430s rodando | ~171min restantes
[2026-05-16T05:36:53.512Z] [3660/6916] img:3067 desc:3015 ns:0 err:0 | R$ 58.96 | 11472s rodando | ~170min restantes
[2026-05-16T05:37:40.255Z] [3680/6916] img:3087 desc:3017 ns:0 err:0 | R$ 59.21 | 11519s rodando | ~169min restantes
[2026-05-16T05:38:26.191Z] [3700/6916] img:3107 desc:3022 ns:0 err:0 | R$ 59.45 | 11565s rodando | ~168min restantes
[2026-05-16T05:39:16.689Z] [3720/6916] img:3125 desc:3025 ns:0 err:0 | R$ 59.67 | 11616s rodando | ~166min restantes
[2026-05-16T05:40:18.584Z] [3740/6916] img:3145 desc:3031 ns:0 err:0 | R$ 60.01 | 11677s rodando | ~165min restantes
[2026-05-16T05:41:24.059Z] [3760/6916] img:3164 desc:3033 ns:0 err:0 | R$ 60.44 | 11743s rodando | ~164min restantes
[2026-05-16T05:42:17.435Z] [3780/6916] img:3183 desc:3036 ns:0 err:0 | R$ 60.70 | 11796s rodando | ~163min restantes
[2026-05-16T05:43:10.870Z] [3800/6916] img:3200 desc:3039 ns:0 err:0 | R$ 61.03 | 11850s rodando | ~162min restantes
[2026-05-16T05:44:09.439Z] [3820/6916] img:3217 desc:3044 ns:0 err:0 | R$ 61.34 | 11908s rodando | ~161min restantes
[2026-05-16T05:44:56.171Z] [3840/6916] img:3233 desc:3044 ns:0 err:0 | R$ 61.59 | 11955s rodando | ~160min restantes
[2026-05-16T05:46:00.796Z] [3860/6916] img:3247 desc:3049 ns:0 err:0 | R$ 62.01 | 12020s rodando | ~159min restantes
[2026-05-16T05:47:15.190Z] [3880/6916] img:3266 desc:3058 ns:0 err:0 | R$ 62.48 | 12094s rodando | ~158min restantes
[2026-05-16T05:48:07.016Z] [3900/6916] img:3285 desc:3077 ns:0 err:0 | R$ 62.69 | 12146s rodando | ~157min restantes
[2026-05-16T05:49:30.811Z] [3920/6916] img:3297 desc:3095 ns:0 err:0 | R$ 63.41 | 12230s rodando | ~156min restantes
[2026-05-16T05:51:42.722Z] [3940/6916] img:3313 desc:3113 ns:0 err:0 | R$ 64.27 | 12362s rodando | ~156min restantes
[2026-05-16T05:54:58.765Z] [3960/6916] img:3329 desc:3133 ns:0 err:0 | R$ 65.40 | 12558s rodando | ~156min restantes
[2026-05-16T05:56:09.136Z] [3980/6916] img:3349 desc:3142 ns:0 err:0 | R$ 65.83 | 12628s rodando | ~155min restantes
[2026-05-16T05:58:15.002Z] [4000/6916] img:3351 desc:3161 ns:0 err:0 | R$ 66.59 | 12754s rodando | ~155min restantes
[2026-05-16T05:59:34.476Z] [4020/6916] img:3366 desc:3177 ns:0 err:0 | R$ 66.97 | 12833s rodando | ~154min restantes
[2026-05-16T06:00:49.823Z] [4040/6916] img:3385 desc:3196 ns:0 err:0 | R$ 67.50 | 12909s rodando | ~153min restantes
[2026-05-16T06:01:40.064Z] [4060/6916] img:3405 desc:3214 ns:0 err:0 | R$ 67.75 | 12959s rodando | ~152min restantes
[2026-05-16T06:02:23.593Z] [4080/6916] img:3425 desc:3234 ns:0 err:0 | R$ 67.98 | 13002s rodando | ~151min restantes
[2026-05-16T06:03:25.843Z] [4100/6916] img:3437 desc:3254 ns:0 err:0 | R$ 68.50 | 13065s rodando | ~150min restantes
[2026-05-16T06:04:25.383Z] [4120/6916] img:3455 desc:3274 ns:0 err:0 | R$ 68.82 | 13124s rodando | ~148min restantes
[2026-05-16T06:05:49.673Z] [4140/6916] img:3468 desc:3294 ns:0 err:0 | R$ 69.31 | 13209s rodando | ~148min restantes
[2026-05-16T06:06:52.704Z] [4160/6916] img:3483 desc:3314 ns:0 err:0 | R$ 69.69 | 13272s rodando | ~147min restantes
[2026-05-16T06:08:13.228Z] [4180/6916] img:3499 desc:3334 ns:0 err:0 | R$ 70.17 | 13352s rodando | ~146min restantes
[2026-05-16T06:09:10.384Z] [4200/6916] img:3515 desc:3350 ns:0 err:0 | R$ 70.34 | 13409s rodando | ~145min restantes
[2026-05-16T06:10:06.366Z] [4220/6916] img:3533 desc:3367 ns:0 err:0 | R$ 70.57 | 13465s rodando | ~143min restantes
[2026-05-16T06:11:07.735Z] [4240/6916] img:3548 desc:3387 ns:0 err:0 | R$ 70.79 | 13527s rodando | ~142min restantes
[2026-05-16T06:12:20.374Z] [4260/6916] img:3564 desc:3403 ns:0 err:0 | R$ 71.18 | 13599s rodando | ~141min restantes
[2026-05-16T06:13:11.861Z] [4280/6916] img:3582 desc:3423 ns:0 err:0 | R$ 71.45 | 13651s rodando | ~140min restantes
[2026-05-16T06:14:08.163Z] [4300/6916] img:3601 desc:3439 ns:0 err:0 | R$ 71.71 | 13707s rodando | ~139min restantes
[2026-05-16T06:14:58.257Z] [4320/6916] img:3621 desc:3458 ns:0 err:0 | R$ 71.92 | 13757s rodando | ~138min restantes
[2026-05-16T06:16:04.892Z] [4340/6916] img:3640 desc:3472 ns:0 err:0 | R$ 72.20 | 13824s rodando | ~137min restantes
[2026-05-16T06:17:05.432Z] [4360/6916] img:3658 desc:3489 ns:0 err:0 | R$ 72.52 | 13884s rodando | ~136min restantes
[2026-05-16T06:17:57.306Z] [4380/6916] img:3676 desc:3496 ns:0 err:0 | R$ 72.83 | 13936s rodando | ~134min restantes
[2026-05-16T06:18:45.797Z] [4400/6916] img:3695 desc:3502 ns:0 err:0 | R$ 73.03 | 13985s rodando | ~133min restantes
[2026-05-16T06:19:31.363Z] [4420/6916] img:3715 desc:3513 ns:0 err:0 | R$ 73.26 | 14030s rodando | ~132min restantes
[2026-05-16T06:20:28.115Z] [4440/6916] img:3731 desc:3513 ns:0 err:0 | R$ 73.50 | 14087s rodando | ~131min restantes
[2026-05-16T06:21:19.192Z] [4460/6916] img:3749 desc:3513 ns:0 err:0 | R$ 73.75 | 14138s rodando | ~130min restantes
[2026-05-16T06:22:18.602Z] [4480/6916] img:3767 desc:3524 ns:0 err:0 | R$ 74.00 | 14197s rodando | ~129min restantes
[2026-05-16T06:23:18.718Z] [4500/6916] img:3786 desc:3542 ns:0 err:0 | R$ 74.26 | 14258s rodando | ~128min restantes
[2026-05-16T06:24:21.106Z] [4520/6916] img:3806 desc:3560 ns:0 err:0 | R$ 74.55 | 14320s rodando | ~127min restantes
[2026-05-16T06:25:20.493Z] [4540/6916] img:3824 desc:3580 ns:0 err:0 | R$ 74.82 | 14379s rodando | ~125min restantes
[2026-05-16T06:26:07.916Z] [4560/6916] img:3844 desc:3600 ns:0 err:0 | R$ 75.01 | 14427s rodando | ~124min restantes
[2026-05-16T06:27:08.632Z] [4580/6916] img:3864 desc:3615 ns:0 err:0 | R$ 75.29 | 14488s rodando | ~123min restantes
[2026-05-16T06:28:08.572Z] [4600/6916] img:3881 desc:3631 ns:0 err:0 | R$ 75.54 | 14547s rodando | ~122min restantes
[2026-05-16T06:29:13.224Z] [4620/6916] img:3901 desc:3650 ns:0 err:0 | R$ 75.78 | 14612s rodando | ~121min restantes
[2026-05-16T06:30:04.692Z] [4640/6916] img:3918 desc:3667 ns:0 err:0 | R$ 76.03 | 14664s rodando | ~120min restantes
[2026-05-16T06:30:48.739Z] [4660/6916] img:3936 desc:3686 ns:0 err:0 | R$ 76.25 | 14708s rodando | ~119min restantes
[2026-05-16T06:31:39.296Z] [4680/6916] img:3956 desc:3702 ns:0 err:0 | R$ 76.49 | 14758s rodando | ~118min restantes
[2026-05-16T06:32:32.154Z] [4700/6916] img:3974 desc:3721 ns:0 err:0 | R$ 76.75 | 14811s rodando | ~116min restantes
[2026-05-16T06:33:30.502Z] [4720/6916] img:3991 desc:3734 ns:0 err:0 | R$ 77.03 | 14869s rodando | ~115min restantes
[2026-05-16T06:34:24.472Z] [4740/6916] img:4009 desc:3752 ns:0 err:0 | R$ 77.33 | 14923s rodando | ~114min restantes
[2026-05-16T06:35:27.829Z] [4760/6916] img:4026 desc:3768 ns:0 err:0 | R$ 77.57 | 14987s rodando | ~113min restantes
[2026-05-16T06:36:22.790Z] [4780/6916] img:4045 desc:3777 ns:0 err:0 | R$ 77.83 | 15042s rodando | ~112min restantes
[2026-05-16T06:37:02.222Z] [4800/6916] img:4065 desc:3777 ns:0 err:0 | R$ 78.05 | 15081s rodando | ~111min restantes
[2026-05-16T06:37:52.645Z] [4820/6916] img:4085 desc:3777 ns:0 err:0 | R$ 78.30 | 15132s rodando | ~110min restantes
[2026-05-16T06:38:42.901Z] [4840/6916] img:4103 desc:3777 ns:0 err:0 | R$ 78.63 | 15182s rodando | ~109min restantes
[2026-05-16T06:39:38.045Z] [4860/6916] img:4122 desc:3794 ns:0 err:0 | R$ 78.90 | 15237s rodando | ~107min restantes
[2026-05-16T06:40:30.625Z] [4880/6916] img:4142 desc:3810 ns:0 err:0 | R$ 79.11 | 15290s rodando | ~106min restantes
[2026-05-16T06:41:27.390Z] [4900/6916] img:4157 desc:3824 ns:0 err:0 | R$ 79.45 | 15346s rodando | ~105min restantes
[2026-05-16T06:42:16.282Z] [4920/6916] img:4173 desc:3838 ns:0 err:0 | R$ 79.72 | 15395s rodando | ~104min restantes
[2026-05-16T06:43:07.114Z] [4940/6916] img:4191 desc:3854 ns:0 err:0 | R$ 79.98 | 15446s rodando | ~103min restantes
[2026-05-16T06:44:02.681Z] [4960/6916] img:4211 desc:3866 ns:0 err:0 | R$ 80.19 | 15502s rodando | ~102min restantes
[2026-05-16T06:45:01.499Z] [4980/6916] img:4229 desc:3883 ns:0 err:0 | R$ 80.35 | 15560s rodando | ~101min restantes
[2026-05-16T06:46:01.619Z] [5000/6916] img:4245 desc:3897 ns:0 err:0 | R$ 80.55 | 15621s rodando | ~100min restantes
[2026-05-16T06:47:16.555Z] [5020/6916] img:4262 desc:3913 ns:0 err:0 | R$ 80.95 | 15695s rodando | ~99min restantes
[2026-05-16T06:48:04.977Z] [5040/6916] img:4282 desc:3930 ns:0 err:0 | R$ 81.19 | 15744s rodando | ~98min restantes
[2026-05-16T06:48:56.352Z] [5060/6916] img:4302 desc:3936 ns:0 err:0 | R$ 81.45 | 15795s rodando | ~97min restantes
[2026-05-16T06:49:44.918Z] [5080/6916] img:4322 desc:3956 ns:0 err:0 | R$ 81.68 | 15844s rodando | ~95min restantes
[2026-05-16T06:50:37.927Z] [5100/6916] img:4342 desc:3975 ns:0 err:0 | R$ 81.84 | 15897s rodando | ~94min restantes
[2026-05-16T06:51:24.300Z] [5120/6916] img:4362 desc:3993 ns:0 err:0 | R$ 82.05 | 15943s rodando | ~93min restantes
[2026-05-16T06:52:17.859Z] [5140/6916] img:4378 desc:4006 ns:0 err:0 | R$ 82.28 | 15997s rodando | ~92min restantes
[2026-05-16T06:53:27.664Z] [5160/6916] img:4394 desc:4019 ns:0 err:0 | R$ 82.69 | 16067s rodando | ~91min restantes
[2026-05-16T06:54:39.671Z] [5180/6916] img:4410 desc:4036 ns:0 err:0 | R$ 82.98 | 16139s rodando | ~90min restantes
[2026-05-16T06:55:34.056Z] [5200/6916] img:4426 desc:4050 ns:0 err:0 | R$ 83.16 | 16193s rodando | ~89min restantes
[2026-05-16T06:56:27.924Z] [5220/6916] img:4442 desc:4065 ns:0 err:0 | R$ 83.22 | 16247s rodando | ~88min restantes
[2026-05-16T06:57:34.824Z] [5240/6916] img:4454 desc:4078 ns:0 err:0 | R$ 83.56 | 16314s rodando | ~87min restantes
[2026-05-16T06:58:47.278Z] [5260/6916] img:4466 desc:4094 ns:0 err:0 | R$ 83.91 | 16386s rodando | ~86min restantes
[2026-05-16T06:59:49.048Z] [5280/6916] img:4480 desc:4113 ns:0 err:0 | R$ 84.28 | 16448s rodando | ~85min restantes
[2026-05-16T07:01:09.129Z] [5300/6916] img:4494 desc:4130 ns:0 err:0 | R$ 84.62 | 16528s rodando | ~84min restantes
[2026-05-16T07:02:06.131Z] [5320/6916] img:4513 desc:4149 ns:0 err:0 | R$ 84.90 | 16585s rodando | ~83min restantes
[2026-05-16T07:03:00.240Z] [5340/6916] img:4532 desc:4169 ns:0 err:0 | R$ 85.12 | 16639s rodando | ~82min restantes
[2026-05-16T07:03:44.187Z] [5360/6916] img:4552 desc:4189 ns:0 err:0 | R$ 85.37 | 16683s rodando | ~81min restantes
[2026-05-16T07:04:39.066Z] [5380/6916] img:4572 desc:4209 ns:0 err:0 | R$ 85.55 | 16738s rodando | ~80min restantes
[2026-05-16T07:05:26.644Z] [5400/6916] img:4592 desc:4222 ns:0 err:0 | R$ 85.79 | 16786s rodando | ~79min restantes
[2026-05-16T07:06:51.806Z] [5420/6916] img:4612 desc:4241 ns:0 err:0 | R$ 86.23 | 16871s rodando | ~78min restantes
[2026-05-16T07:07:45.820Z] [5440/6916] img:4632 desc:4259 ns:0 err:0 | R$ 86.48 | 16925s rodando | ~77min restantes
[2026-05-16T07:08:36.483Z] [5460/6916] img:4652 desc:4273 ns:0 err:0 | R$ 86.73 | 16975s rodando | ~75min restantes
[2026-05-16T07:09:32.108Z] [5480/6916] img:4672 desc:4293 ns:0 err:0 | R$ 86.95 | 17031s rodando | ~74min restantes
[2026-05-16T07:10:18.295Z] [5500/6916] img:4692 desc:4312 ns:0 err:0 | R$ 87.19 | 17077s rodando | ~73min restantes
[2026-05-16T07:11:06.530Z] [5520/6916] img:4712 desc:4330 ns:0 err:0 | R$ 87.41 | 17125s rodando | ~72min restantes
[2026-05-16T07:11:55.501Z] [5540/6916] img:4732 desc:4350 ns:0 err:0 | R$ 87.63 | 17174s rodando | ~71min restantes
[2026-05-16T07:12:38.298Z] [5560/6916] img:4752 desc:4369 ns:0 err:0 | R$ 87.88 | 17217s rodando | ~70min restantes
[2026-05-16T07:13:33.851Z] [5580/6916] img:4770 desc:4389 ns:0 err:0 | R$ 88.13 | 17273s rodando | ~69min restantes
[2026-05-16T07:14:26.179Z] [5600/6916] img:4790 desc:4409 ns:0 err:0 | R$ 88.36 | 17325s rodando | ~68min restantes
[2026-05-16T07:15:09.866Z] [5620/6916] img:4810 desc:4428 ns:0 err:0 | R$ 88.55 | 17369s rodando | ~67min restantes
[2026-05-16T07:15:53.079Z] [5640/6916] img:4830 desc:4448 ns:0 err:0 | R$ 88.79 | 17412s rodando | ~66min restantes
[2026-05-16T07:16:40.031Z] [5660/6916] img:4850 desc:4468 ns:0 err:0 | R$ 89.00 | 17459s rodando | ~65min restantes
[2026-05-16T07:17:28.078Z] [5680/6916] img:4870 desc:4488 ns:0 err:0 | R$ 89.24 | 17507s rodando | ~64min restantes
[2026-05-16T07:18:06.851Z] [5700/6916] img:4890 desc:4508 ns:0 err:0 | R$ 89.44 | 17546s rodando | ~62min restantes
[2026-05-16T07:18:54.056Z] [5720/6916] img:4910 desc:4528 ns:0 err:0 | R$ 89.63 | 17593s rodando | ~61min restantes
[2026-05-16T07:19:37.554Z] [5740/6916] img:4930 desc:4548 ns:0 err:0 | R$ 89.83 | 17636s rodando | ~60min restantes
[2026-05-16T07:20:25.100Z] [5760/6916] img:4950 desc:4568 ns:0 err:0 | R$ 90.08 | 17684s rodando | ~59min restantes
[2026-05-16T07:21:08.832Z] [5780/6916] img:4970 desc:4586 ns:0 err:0 | R$ 90.32 | 17728s rodando | ~58min restantes
[2026-05-16T07:21:55.163Z] [5800/6916] img:4990 desc:4605 ns:0 err:0 | R$ 90.56 | 17774s rodando | ~57min restantes
[2026-05-16T07:22:58.039Z] [5820/6916] img:5010 desc:4624 ns:0 err:0 | R$ 91.10 | 17837s rodando | ~56min restantes
[2026-05-16T07:23:51.434Z] [5840/6916] img:5030 desc:4644 ns:0 err:0 | R$ 91.34 | 17890s rodando | ~55min restantes
[2026-05-16T07:24:38.193Z] [5860/6916] img:5050 desc:4664 ns:0 err:0 | R$ 91.59 | 17937s rodando | ~54min restantes
[2026-05-16T07:25:20.137Z] [5880/6916] img:5070 desc:4684 ns:0 err:0 | R$ 91.82 | 17979s rodando | ~53min restantes
[2026-05-16T07:26:15.183Z] [5900/6916] img:5090 desc:4704 ns:0 err:0 | R$ 92.20 | 18034s rodando | ~52min restantes
[2026-05-16T07:27:01.810Z] [5920/6916] img:5110 desc:4715 ns:0 err:0 | R$ 92.42 | 18081s rodando | ~51min restantes
[2026-05-16T07:28:04.296Z] [5940/6916] img:5130 desc:4726 ns:0 err:0 | R$ 92.72 | 18143s rodando | ~50min restantes
[2026-05-16T07:28:48.407Z] [5960/6916] img:5149 desc:4736 ns:0 err:0 | R$ 92.95 | 18187s rodando | ~49min restantes
[2026-05-16T07:29:38.486Z] [5980/6916] img:5169 desc:4756 ns:0 err:0 | R$ 93.18 | 18237s rodando | ~48min restantes
[2026-05-16T07:30:34.981Z] [6000/6916] img:5189 desc:4774 ns:0 err:0 | R$ 93.45 | 18294s rodando | ~47min restantes
[2026-05-16T07:31:24.299Z] [6020/6916] img:5209 desc:4793 ns:0 err:0 | R$ 93.68 | 18343s rodando | ~46min restantes
[2026-05-16T07:32:10.467Z] [6040/6916] img:5223 desc:4798 ns:0 err:0 | R$ 93.86 | 18389s rodando | ~44min restantes
[2026-05-16T07:33:26.369Z] [6060/6916] img:5240 desc:4812 ns:0 err:0 | R$ 94.27 | 18465s rodando | ~43min restantes
[2026-05-16T07:34:45.493Z] [6080/6916] img:5253 desc:4827 ns:0 err:0 | R$ 94.81 | 18544s rodando | ~43min restantes
[2026-05-16T07:35:56.770Z] [6100/6916] img:5268 desc:4843 ns:0 err:0 | R$ 95.25 | 18616s rodando | ~42min restantes
[2026-05-16T07:36:10.311Z] [6120/6916] img:5288 desc:4843 ns:0 err:0 | R$ 95.33 | 18629s rodando | ~40min restantes
[2026-05-16T07:36:25.063Z] [6140/6916] img:5308 desc:4845 ns:0 err:0 | R$ 95.40 | 18644s rodando | ~39min restantes
[2026-05-16T07:36:41.360Z] [6160/6916] img:5327 desc:4848 ns:0 err:0 | R$ 95.50 | 18660s rodando | ~38min restantes
[2026-05-16T07:37:01.412Z] [6180/6916] img:5346 desc:4853 ns:0 err:0 | R$ 95.61 | 18680s rodando | ~37min restantes
[2026-05-16T07:37:15.966Z] [6200/6916] img:5366 desc:4854 ns:0 err:0 | R$ 95.69 | 18695s rodando | ~36min restantes
[2026-05-16T07:37:33.705Z] [6220/6916] img:5385 desc:4855 ns:0 err:0 | R$ 95.79 | 18713s rodando | ~35min restantes
[2026-05-16T07:37:49.037Z] [6240/6916] img:5405 desc:4855 ns:0 err:0 | R$ 95.86 | 18728s rodando | ~34min restantes
[2026-05-16T07:38:02.362Z] [6260/6916] img:5425 desc:4856 ns:0 err:0 | R$ 95.94 | 18741s rodando | ~33min restantes
[2026-05-16T07:38:16.065Z] [6280/6916] img:5445 desc:4856 ns:0 err:0 | R$ 96.01 | 18755s rodando | ~32min restantes
[2026-05-16T07:39:35.350Z] [6300/6916] img:5463 desc:4876 ns:0 err:0 | R$ 96.55 | 18834s rodando | ~31min restantes
[2026-05-16T07:40:38.570Z] [6320/6916] img:5482 desc:4896 ns:0 err:0 | R$ 96.96 | 18897s rodando | ~30min restantes
[2026-05-16T07:42:02.912Z] [6340/6916] img:5500 desc:4916 ns:0 err:0 | R$ 97.61 | 18982s rodando | ~29min restantes
[2026-05-16T07:43:09.403Z] [6360/6916] img:5520 desc:4936 ns:0 err:0 | R$ 98.10 | 19048s rodando | ~28min restantes
[2026-05-16T07:44:15.640Z] [6380/6916] img:5536 desc:4954 ns:0 err:0 | R$ 98.46 | 19115s rodando | ~27min restantes
[2026-05-16T07:46:02.227Z] [6400/6916] img:5548 desc:4972 ns:0 err:0 | R$ 98.84 | 19221s rodando | ~26min restantes
[2026-05-16T07:47:06.669Z] [6420/6916] img:5568 desc:4990 ns:0 err:0 | R$ 99.20 | 19286s rodando | ~25min restantes
[2026-05-16T07:48:16.593Z] [6440/6916] img:5583 desc:5009 ns:0 err:0 | R$ 99.59 | 19355s rodando | ~24min restantes
[2026-05-16T07:49:36.186Z] [6460/6916] img:5590 desc:5026 ns:0 err:0 | R$ 100.05 | 19435s rodando | ~23min restantes
[2026-05-16T07:50:32.344Z] [6480/6916] img:5607 desc:5044 ns:0 err:0 | R$ 100.35 | 19491s rodando | ~22min restantes
[2026-05-16T07:51:34.709Z] [6500/6916] img:5627 desc:5062 ns:0 err:0 | R$ 100.60 | 19554s rodando | ~21min restantes
[2026-05-16T07:52:37.680Z] [6520/6916] img:5647 desc:5081 ns:0 err:0 | R$ 101.06 | 19617s rodando | ~20min restantes
[2026-05-16T07:53:30.285Z] [6540/6916] img:5665 desc:5101 ns:0 err:0 | R$ 101.32 | 19669s rodando | ~19min restantes
[2026-05-16T07:54:45.246Z] [6560/6916] img:5683 desc:5117 ns:0 err:0 | R$ 101.77 | 19744s rodando | ~18min restantes
[2026-05-16T07:55:56.191Z] [6580/6916] img:5700 desc:5137 ns:0 err:0 | R$ 102.09 | 19815s rodando | ~17min restantes
[2026-05-16T07:57:00.520Z] [6600/6916] img:5712 desc:5157 ns:0 err:0 | R$ 102.47 | 19879s rodando | ~16min restantes
[2026-05-16T07:58:16.739Z] [6620/6916] img:5724 desc:5176 ns:0 err:0 | R$ 102.98 | 19956s rodando | ~15min restantes
[2026-05-16T07:59:32.716Z] [6640/6916] img:5736 desc:5195 ns:0 err:0 | R$ 103.52 | 20032s rodando | ~14min restantes
[2026-05-16T08:00:31.576Z] [6660/6916] img:5752 desc:5213 ns:0 err:0 | R$ 103.82 | 20090s rodando | ~13min restantes
[2026-05-16T08:01:19.145Z] [6680/6916] img:5771 desc:5233 ns:0 err:0 | R$ 103.94 | 20138s rodando | ~12min restantes
[2026-05-16T08:01:58.352Z] [6700/6916] img:5790 desc:5251 ns:0 err:0 | R$ 104.02 | 20177s rodando | ~11min restantes
[2026-05-16T08:02:34.244Z] [6720/6916] img:5809 desc:5270 ns:0 err:0 | R$ 104.13 | 20213s rodando | ~10min restantes
[2026-05-16T08:03:07.974Z] [6740/6916] img:5829 desc:5289 ns:0 err:0 | R$ 104.20 | 20247s rodando | ~9min restantes
[2026-05-16T08:04:23.739Z] [6760/6916] img:5846 desc:5309 ns:0 err:0 | R$ 104.54 | 20323s rodando | ~8min restantes
[2026-05-16T08:05:21.425Z] [6780/6916] img:5860 desc:5329 ns:0 err:0 | R$ 104.85 | 20380s rodando | ~7min restantes
[2026-05-16T08:06:15.011Z] [6800/6916] img:5878 desc:5344 ns:0 err:0 | R$ 105.01 | 20434s rodando | ~6min restantes
[2026-05-16T08:06:44.381Z] [6820/6916] img:5898 desc:5354 ns:0 err:0 | R$ 105.09 | 20463s rodando | ~5min restantes
[2026-05-16T08:07:10.798Z] [6840/6916] img:5918 desc:5361 ns:0 err:0 | R$ 105.17 | 20490s rodando | ~4min restantes
[2026-05-16T08:08:02.633Z] [6860/6916] img:5938 desc:5381 ns:0 err:0 | R$ 105.39 | 20542s rodando | ~3min restantes
[2026-05-16T08:08:56.045Z] [6880/6916] img:5958 desc:5400 ns:0 err:0 | R$ 105.66 | 20595s rodando | ~2min restantes
[2026-05-16T08:09:39.254Z] [6900/6916] img:5977 desc:5420 ns:0 err:0 | R$ 105.96 | 20638s rodando | ~1min restantes
[2026-05-16T08:10:18.490Z] 
=== CURADORIA CONCLUÍDA ===
[2026-05-16T08:10:18.491Z] Processados:           6916
[2026-05-16T08:10:18.493Z] Com imagem:            5993
[2026-05-16T08:10:18.493Z] Com descrição:         5436
[2026-05-16T08:10:18.494Z] Sync Nuvemshop:        0
[2026-05-16T08:10:18.494Z] Erros:                 0
[2026-05-16T08:10:18.494Z] Custo total estimado:  R$ 106.21
[2026-05-16T08:10:18.495Z] Tempo total:           345 min
