[18:47:24] === SYNC PREÇOS LOCAL → NUVEMSHOP ===
[18:47:24] Modo: EXECUTE

[18:47:26] Mappings ativos: 3979
[18:47:40]   50/3979 (updated=0, ok=49, orph=0, skip=0, fail=0)
[18:48:06]   100/3979 (updated=2, ok=97, orph=0, skip=0, fail=0)
[18:48:44]   150/3979 (updated=7, ok=142, orph=0, skip=0, fail=0)
[18:49:12]   200/3979 (updated=11, ok=188, orph=0, skip=0, fail=0)
[18:49:45]   250/3979 (updated=16, ok=233, orph=0, skip=0, fail=0)
[18:50:10]   300/3979 (updated=20, ok=279, orph=0, skip=0, fail=0)
[18:50:39]   350/3979 (updated=25, ok=324, orph=0, skip=0, fail=0)
[18:51:04]   400/3979 (updated=29, ok=370, orph=0, skip=0, fail=0)
[18:51:35]   450/3979 (updated=34, ok=415, orph=0, skip=0, fail=0)
[18:51:53]   ✗ U01FB043: Unexpected token '<', "<!DOCTYPE "... is not valid JSON
[18:52:10]   500/3979 (updated=38, ok=460, orph=0, skip=0, fail=1)
[18:52:41]   550/3979 (updated=42, ok=506, orph=0, skip=0, fail=1)
[18:53:15]   600/3979 (updated=47, ok=551, orph=0, skip=0, fail=1)
[18:53:42]   650/3979 (updated=51, ok=597, orph=0, skip=0, fail=1)
[18:54:12]   700/3979 (updated=56, ok=642, orph=0, skip=0, fail=1)
[18:54:45]   750/3979 (updated=61, ok=687, orph=0, skip=0, fail=1)
[18:55:12]   800/3979 (updated=65, ok=733, orph=0, skip=0, fail=1)
[18:55:47]   850/3979 (updated=70, ok=778, orph=0, skip=0, fail=1)
[18:56:21]   900/3979 (updated=75, ok=823, orph=0, skip=0, fail=1)
[18:56:54]   950/3979 (updated=79, ok=869, orph=0, skip=0, fail=1)
[18:57:28]   1000/3979 (updated=83, ok=915, orph=0, skip=0, fail=1)
[18:57:57]   1050/3979 (updated=87, ok=961, orph=0, skip=0, fail=1)
[18:58:27]   1100/3979 (updated=92, ok=1006, orph=0, skip=0, fail=1)
[18:58:58]   1150/3979 (updated=96, ok=1052, orph=0, skip=0, fail=1)
[18:59:28]   1200/3979 (updated=101, ok=1097, orph=0, skip=0, fail=1)
[18:59:56]   1250/3979 (updated=105, ok=1143, orph=0, skip=0, fail=1)
[19:00:23]   1300/3979 (updated=109, ok=1189, orph=0, skip=0, fail=1)
[19:00:52]   1350/3979 (updated=113, ok=1235, orph=0, skip=0, fail=1)
[19:01:26]   1400/3979 (updated=118, ok=1280, orph=0, skip=0, fail=1)
[19:01:55]   1450/3979 (updated=122, ok=1326, orph=0, skip=0, fail=1)
[19:02:24]   1500/3979 (updated=127, ok=1371, orph=0, skip=0, fail=1)
[19:02:50]   1550/3979 (updated=131, ok=1417, orph=0, skip=0, fail=1)
[19:03:19]   1600/3979 (updated=136, ok=1462, orph=0, skip=0, fail=1)
[19:03:47]   1650/3979 (updated=141, ok=1507, orph=0, skip=0, fail=1)
[19:04:21]   1700/3979 (updated=148, ok=1550, orph=0, skip=0, fail=1)
[19:04:46]   1750/3979 (updated=152, ok=1596, orph=0, skip=0, fail=1)
[19:05:16]   1800/3979 (updated=157, ok=1641, orph=0, skip=0, fail=1)
[19:05:43]   1850/3979 (updated=161, ok=1687, orph=0, skip=0, fail=1)
[19:06:13]   1900/3979 (updated=166, ok=1732, orph=0, skip=0, fail=1)
[19:06:38]   1950/3979 (updated=170, ok=1778, orph=0, skip=0, fail=1)
[19:07:07]   2000/3979 (updated=175, ok=1823, orph=0, skip=0, fail=1)
[19:07:32]   2050/3979 (updated=179, ok=1869, orph=0, skip=0, fail=1)
[19:08:01]   2100/3979 (updated=184, ok=1914, orph=0, skip=0, fail=1)
[19:08:27]   2150/3979 (updated=188, ok=1960, orph=0, skip=0, fail=1)
[19:08:56]   2200/3979 (updated=193, ok=2005, orph=0, skip=0, fail=1)
[19:09:21]   2250/3979 (updated=197, ok=2051, orph=0, skip=0, fail=1)
[19:09:50]   2300/3979 (updated=202, ok=2096, orph=0, skip=0, fail=1)
[19:10:16]   2350/3979 (updated=206, ok=2142, orph=0, skip=0, fail=1)
[19:10:45]   2400/3979 (updated=211, ok=2187, orph=0, skip=0, fail=1)
[19:11:13]   2450/3979 (updated=216, ok=2232, orph=0, skip=0, fail=1)
[19:11:39]   2500/3979 (updated=220, ok=2278, orph=0, skip=0, fail=1)
[19:12:04]   2550/3979 (updated=224, ok=2324, orph=0, skip=0, fail=1)
[19:12:33]   2600/3979 (updated=229, ok=2369, orph=0, skip=0, fail=1)
[19:12:59]   2650/3979 (updated=233, ok=2415, orph=0, skip=0, fail=1)
[19:13:42]   2700/3979 (updated=238, ok=2460, orph=0, skip=0, fail=1)
[19:14:16]   2750/3979 (updated=242, ok=2506, orph=0, skip=0, fail=1)
[19:14:53]   2800/3979 (updated=246, ok=2552, orph=0, skip=0, fail=1)
[19:15:24]   2850/3979 (updated=251, ok=2597, orph=0, skip=0, fail=1)
[19:15:51]   2900/3979 (updated=255, ok=2643, orph=0, skip=0, fail=1)
[19:16:17]   2950/3979 (updated=259, ok=2689, orph=0, skip=0, fail=1)
[19:16:46]   3000/3979 (updated=264, ok=2734, orph=0, skip=0, fail=1)
[19:17:51]   ✗ 0100-4843284: [Nuvemshop 429] Too Many Requests
[19:17:52]   3050/3979 (updated=269, ok=2778, orph=0, skip=0, fail=2)
[19:18:24]   ✗ 0100-4843287: [Nuvemshop 429] Too Many Requests
[19:18:57]   ✗ 0100-11680751: [Nuvemshop 429] Too Many Requests
[19:19:30]   ✗ 0100-5759147: [Nuvemshop 429] Too Many Requests
[19:23:05]   3100/3979 (updated=283, ok=2808, orph=0, skip=0, fail=8)
[19:25:26]   3150/3979 (updated=296, ok=2844, orph=0, skip=0, fail=9)
[19:29:30]   3200/3979 (updated=313, ok=2876, orph=0, skip=0, fail=10)
[19:34:59]   3250/3979 (updated=327, ok=2908, orph=0, skip=0, fail=14)
[19:37:59]   3300/3979 (updated=341, ok=2943, orph=0, skip=0, fail=15)
[19:40:50]   3350/3979 (updated=358, ok=2976, orph=0, skip=0, fail=15)
[19:45:48]   3400/3979 (updated=372, ok=3009, orph=0, skip=0, fail=18)
[19:47:40]   3450/3979 (updated=387, ok=3044, orph=0, skip=0, fail=18)
[19:54:06]   3500/3979 (updated=403, ok=3073, orph=0, skip=0, fail=23)
[19:57:39]   3550/3979 (updated=419, ok=3104, orph=0, skip=0, fail=26)
[20:00:15]   3600/3979 (updated=434, ok=3138, orph=0, skip=0, fail=27)
[20:01:34]   3650/3979 (updated=448, ok=3174, orph=0, skip=0, fail=27)
[20:03:26]   3700/3979 (updated=463, ok=3209, orph=0, skip=0, fail=27)
[20:05:14]   3750/3979 (updated=476, ok=3245, orph=0, skip=0, fail=28)
[20:08:25]   3800/3979 (updated=492, ok=3279, orph=0, skip=0, fail=28)
[20:10:29]   3850/3979 (updated=506, ok=3315, orph=0, skip=0, fail=28)
[20:12:02]   3900/3979 (updated=520, ok=3351, orph=0, skip=0, fail=28)
[20:14:11]   3950/3979 (updated=533, ok=3387, orph=0, skip=0, fail=29)
[20:16:04] 
=== FINAL ===
[20:16:04] Preços atualizados: 542
[20:16:04] Já estavam OK:                       3408
[20:16:04] Órfãos removidos: 0
[20:16:04] Skipped (sem preço local):           0
[20:16:04] Falhas reais:                        29
[20:16:06] Mappings Nuvemshop agora:            3979
