[18:16:17] === SYNC PREÇOS LOCAL → NUVEMSHOP ===
[18:16:17] Modo: EXECUTE

[18:16:20] Mappings ativos: 4029
[18:16:47]   50/4029 (updated=0, ok=11, orph=38, skip=0, fail=0)
[18:18:38]   100/4029 (updated=19, ok=30, orph=50, skip=0, fail=0)
[18:18:50]   150/4029 (updated=19, ok=80, orph=50, skip=0, fail=0)
[18:18:53]   ✗ 0100-2455257331816: [Nuvemshop 429] Too Many Requests
[18:18:54]   ✗ 0100-2455261800216: [Nuvemshop 429] Too Many Requests
[18:18:55]   ✗ 0100-2455262704117: [Nuvemshop 429] Too Many Requests
[18:18:56]   ✗ 0100-2455262930110: [Nuvemshop 429] Too Many Requests
[18:18:56]   ✗ 0100-2455262900212: [Nuvemshop 429] Too Many Requests
[18:19:05]   200/4029 (updated=19, ok=115, orph=50, skip=0, fail=15)
[18:19:20]   250/4029 (updated=19, ok=145, orph=50, skip=0, fail=35)
[18:19:36]   300/4029 (updated=19, ok=175, orph=50, skip=0, fail=55)
[18:19:51]   350/4029 (updated=19, ok=205, orph=50, skip=0, fail=75)
[18:20:06]   400/4029 (updated=19, ok=235, orph=50, skip=0, fail=95)
[18:20:20]   450/4029 (updated=19, ok=265, orph=50, skip=0, fail=115)
[18:20:36]   500/4029 (updated=19, ok=295, orph=50, skip=0, fail=135)
[18:20:51]   550/4029 (updated=19, ok=326, orph=50, skip=0, fail=154)
[18:21:06]   600/4029 (updated=19, ok=357, orph=50, skip=0, fail=173)
[18:21:21]   650/4029 (updated=19, ok=387, orph=50, skip=0, fail=193)
[18:21:36]   700/4029 (updated=19, ok=417, orph=50, skip=0, fail=213)
[18:21:52]   750/4029 (updated=19, ok=447, orph=50, skip=0, fail=233)
[18:22:07]   800/4029 (updated=19, ok=478, orph=50, skip=0, fail=252)
[18:22:22]   850/4029 (updated=19, ok=509, orph=50, skip=0, fail=271)
[18:24:05]   900/4029 (updated=47, ok=525, orph=50, skip=0, fail=277)
[18:25:52]   950/4029 (updated=89, ok=533, orph=50, skip=0, fail=277)
[18:28:22]   1000/4029 (updated=130, ok=542, orph=50, skip=0, fail=277)
[18:30:38]   1050/4029 (updated=164, ok=558, orph=50, skip=0, fail=277)
[18:31:22]   1100/4029 (updated=172, ok=600, orph=50, skip=0, fail=277)
[18:31:35]   1150/4029 (updated=172, ok=648, orph=50, skip=0, fail=279)
[18:31:50]   1200/4029 (updated=172, ok=679, orph=50, skip=0, fail=298)
[18:32:06]   1250/4029 (updated=172, ok=709, orph=50, skip=0, fail=318)
[18:32:21]   1300/4029 (updated=172, ok=740, orph=50, skip=0, fail=337)
[18:32:36]   1350/4029 (updated=172, ok=771, orph=50, skip=0, fail=356)
[18:32:51]   1400/4029 (updated=172, ok=801, orph=50, skip=0, fail=376)
[18:33:07]   1450/4029 (updated=172, ok=831, orph=50, skip=0, fail=396)
[18:33:22]   1500/4029 (updated=172, ok=862, orph=50, skip=0, fail=415)
[18:33:37]   1550/4029 (updated=172, ok=892, orph=50, skip=0, fail=435)
[18:33:52]   1600/4029 (updated=172, ok=922, orph=50, skip=0, fail=455)
[18:34:07]   1650/4029 (updated=172, ok=952, orph=50, skip=0, fail=475)
[18:34:23]   1700/4029 (updated=172, ok=981, orph=50, skip=0, fail=496)
[18:34:38]   1750/4029 (updated=172, ok=1011, orph=50, skip=0, fail=516)
[18:34:53]   1800/4029 (updated=172, ok=1042, orph=50, skip=0, fail=535)
[18:35:08]   1850/4029 (updated=172, ok=1073, orph=50, skip=0, fail=554)
[18:35:24]   1900/4029 (updated=172, ok=1102, orph=50, skip=0, fail=575)
[18:35:43]   1950/4029 (updated=173, ok=1133, orph=50, skip=0, fail=593)
[18:35:59]   2000/4029 (updated=173, ok=1163, orph=50, skip=0, fail=613)
[18:36:14]   2050/4029 (updated=173, ok=1193, orph=50, skip=0, fail=633)
[18:36:29]   2100/4029 (updated=173, ok=1224, orph=50, skip=0, fail=652)
[18:36:44]   2150/4029 (updated=173, ok=1254, orph=50, skip=0, fail=672)
[18:36:59]   2200/4029 (updated=173, ok=1284, orph=50, skip=0, fail=692)
[18:37:14]   2250/4029 (updated=173, ok=1314, orph=50, skip=0, fail=712)
[18:37:29]   2300/4029 (updated=173, ok=1344, orph=50, skip=0, fail=732)
[18:37:44]   2350/4029 (updated=173, ok=1373, orph=50, skip=0, fail=753)
[18:37:59]   2400/4029 (updated=173, ok=1404, orph=50, skip=0, fail=772)
[18:38:14]   2450/4029 (updated=173, ok=1435, orph=50, skip=0, fail=791)
[18:38:29]   2500/4029 (updated=173, ok=1465, orph=50, skip=0, fail=811)
[18:38:44]   2550/4029 (updated=173, ok=1495, orph=50, skip=0, fail=831)
[18:38:59]   2600/4029 (updated=173, ok=1524, orph=50, skip=0, fail=852)
[18:39:14]   2650/4029 (updated=173, ok=1554, orph=50, skip=0, fail=872)
[18:39:29]   2700/4029 (updated=173, ok=1583, orph=50, skip=0, fail=893)
[18:39:44]   2750/4029 (updated=173, ok=1614, orph=50, skip=0, fail=912)
[18:39:59]   2800/4029 (updated=173, ok=1645, orph=50, skip=0, fail=931)
[18:40:15]   2850/4029 (updated=173, ok=1676, orph=50, skip=0, fail=950)
[18:40:30]   2900/4029 (updated=173, ok=1707, orph=50, skip=0, fail=969)
[18:40:45]   2950/4029 (updated=173, ok=1737, orph=50, skip=0, fail=989)
[18:41:00]   3000/4029 (updated=173, ok=1767, orph=50, skip=0, fail=1009)
[18:41:15]   3050/4029 (updated=173, ok=1797, orph=50, skip=0, fail=1029)
[18:41:31]   3100/4029 (updated=173, ok=1827, orph=50, skip=0, fail=1049)
[18:41:46]   3150/4029 (updated=173, ok=1857, orph=50, skip=0, fail=1069)
[18:42:01]   3200/4029 (updated=173, ok=1888, orph=50, skip=0, fail=1088)
[18:42:16]   3250/4029 (updated=173, ok=1918, orph=50, skip=0, fail=1108)
[18:42:31]   3300/4029 (updated=173, ok=1949, orph=50, skip=0, fail=1127)
[18:42:46]   3350/4029 (updated=173, ok=1979, orph=50, skip=0, fail=1147)
[18:43:01]   3400/4029 (updated=173, ok=2009, orph=50, skip=0, fail=1167)
[18:43:16]   3450/4029 (updated=173, ok=2039, orph=50, skip=0, fail=1187)
[18:43:31]   3500/4029 (updated=173, ok=2069, orph=50, skip=0, fail=1207)
[18:43:46]   3550/4029 (updated=173, ok=2099, orph=50, skip=0, fail=1227)
[18:44:01]   3600/4029 (updated=173, ok=2129, orph=50, skip=0, fail=1247)
[18:44:16]   3650/4029 (updated=173, ok=2159, orph=50, skip=0, fail=1267)
[18:44:32]   3700/4029 (updated=173, ok=2189, orph=50, skip=0, fail=1287)
[18:44:47]   3750/4029 (updated=173, ok=2219, orph=50, skip=0, fail=1307)
[18:45:01]   3800/4029 (updated=173, ok=2249, orph=50, skip=0, fail=1327)
[18:45:16]   3850/4029 (updated=173, ok=2279, orph=50, skip=0, fail=1347)
[18:45:31]   3900/4029 (updated=173, ok=2309, orph=50, skip=0, fail=1367)
[18:45:46]   3950/4029 (updated=173, ok=2339, orph=50, skip=0, fail=1387)
[18:46:01]   4000/4029 (updated=173, ok=2369, orph=50, skip=0, fail=1407)
[18:46:10] 
=== FINAL ===
[18:46:10] Preços atualizados: 173
[18:46:10] Já estavam OK:                       2387
[18:46:10] Órfãos removidos: 50
[18:46:10] Skipped (sem preço local):           0
[18:46:10] Falhas reais:                        1419
[18:46:12] Mappings Nuvemshop agora:            3979
