[19:17:03] === SYNC MARCAS LOCAL → NUVEMSHOP ===
[19:17:03] Modo: EXECUTE

[19:17:06] Mappings: 3979
[19:17:09]   ✗ 0280-7898336434063: [Nuvemshop 429] Too Many Requests
[19:17:10]   ✗ 0280-7898336434117: [Nuvemshop 429] Too Many Requests
[19:17:19]   ✗ 0145-7909403624550: [Nuvemshop 429] Too Many Requests
[19:17:19]   ✗ 0750-7895491384646: [Nuvemshop 429] Too Many Requests
[19:17:20]   ✗ 0750-7895491318184: [Nuvemshop 429] Too Many Requests
[19:17:48]   100/3979 (upd=8, ok=57, orph=0, fail=34)
[19:18:21]   200/3979 (upd=8, ok=120, orph=0, fail=71)
[19:18:54]   300/3979 (upd=8, ok=183, orph=0, fail=108)
[19:19:27]   400/3979 (upd=8, ok=246, orph=0, fail=145)
[19:20:00]   500/3979 (upd=8, ok=311, orph=0, fail=180)
[19:20:34]   600/3979 (upd=8, ok=372, orph=0, fail=219)
[19:21:07]   700/3979 (upd=8, ok=435, orph=0, fail=256)
[19:21:45]   800/3979 (upd=15, ok=489, orph=0, fail=295)
[19:23:55]   900/3979 (upd=100, ok=489, orph=0, fail=310)
[19:25:49]   1000/3979 (upd=191, ok=489, orph=0, fail=319)
[19:27:47]   1100/3979 (upd=286, ok=489, orph=0, fail=324)
[19:29:42]   1200/3979 (upd=379, ok=489, orph=0, fail=331)
[19:31:50]   1300/3979 (upd=471, ok=489, orph=0, fail=339)
[19:33:49]   1400/3979 (upd=565, ok=489, orph=0, fail=345)
[19:35:46]   1500/3979 (upd=661, ok=489, orph=0, fail=349)
[19:37:42]   1600/3979 (upd=751, ok=490, orph=0, fail=358)
[19:39:39]   1700/3979 (upd=845, ok=490, orph=0, fail=364)
[19:41:34]   1800/3979 (upd=936, ok=490, orph=0, fail=373)
[19:43:14]   1900/3979 (upd=1026, ok=490, orph=0, fail=383)
[19:44:58]   2000/3979 (upd=1117, ok=490, orph=0, fail=392)
[19:47:07]   2100/3979 (upd=1206, ok=490, orph=0, fail=403)
[19:48:56]   2200/3979 (upd=1295, ok=490, orph=0, fail=414)
[19:51:03]   2300/3979 (upd=1386, ok=490, orph=0, fail=423)
[19:52:51]   2400/3979 (upd=1477, ok=490, orph=0, fail=432)
[19:55:02]   2500/3979 (upd=1568, ok=490, orph=0, fail=441)
[19:56:55]   2600/3979 (upd=1655, ok=490, orph=0, fail=454)
[19:59:02]   2700/3979 (upd=1746, ok=490, orph=0, fail=463)
[20:01:20]   2800/3979 (upd=1838, ok=490, orph=0, fail=471)
[20:03:36]   2900/3979 (upd=1928, ok=490, orph=0, fail=481)
[20:05:49]   3000/3979 (upd=2019, ok=490, orph=0, fail=490)
[20:07:41]   3100/3979 (upd=2111, ok=490, orph=0, fail=498)
[20:09:43]   3200/3979 (upd=2201, ok=490, orph=0, fail=508)
[20:12:11]   3300/3979 (upd=2296, ok=490, orph=0, fail=513)
[20:14:27]   3400/3979 (upd=2392, ok=490, orph=0, fail=517)
[20:16:17]   3500/3979 (upd=2486, ok=490, orph=0, fail=523)
[20:18:00]   3600/3979 (upd=2586, ok=490, orph=0, fail=523)
[20:19:39]   3700/3979 (upd=2686, ok=490, orph=0, fail=523)
[20:21:20]   3800/3979 (upd=2786, ok=490, orph=0, fail=523)
[13:13:26]   3900/3979 (upd=2871, ok=490, orph=0, fail=538)
[13:15:10] 
=== FINAL ===
[13:15:10] Marcas atualizadas: 2939
[13:15:10] Já estavam OK:                       490
[13:15:10] Órfãos removidos:                    0
[13:15:10] Skipped (sem brand local):           0
[13:15:10] Falhas:                              550
